目标：2026级 1500 名学生 / 30 场考试
清理旧演示数据：学生 200、考试 3、行 4383
学生 1500 人，30 个班
任课映射 240 条
  考试 1/30: 2026级月考2026-09-10 — 10424 行
  考试 2/30: 2026级单元测2026-09-18 — 10432 行
  考试 3/30: 2026级期中2026-09-26 — 10428 行
  考试 4/30: 2026级期末2026-10-04 — 10438 行
  考试 5/30: 2026级模拟2026-10-12 — 10437 行
  考试 6/30: 2026级月考2026-10-20 — 10430 行
  考试 7/30: 2026级单元测2026-10-28 — 10426 行
  考试 8/30: 2026级期中2026-11-05 — 10404 行
  考试 9/30: 2026级期末2026-11-13 — 10427 行
  考试 10/30: 2026级模拟2026-11-21 — 10411 行
  考试 11/30: 2026级月考2026-11-29 — 10422 行
  考试 12/30: 2026级单元测2026-12-07 — 10428 行
  考试 13/30: 2026级期中2026-12-15 — 10438 行
  考试 14/30: 2026级期末2026-12-23 — 10428 行
  考试 15/30: 2026级模拟2026-12-31 — 10404 行
  考试 16/30: 2026级月考2027-01-08 — 10426 行
  考试 17/30: 2026级单元测2027-01-16 — 10435 行
  考试 18/30: 2026级期中2027-01-24 — 10433 行
  考试 19/30: 2026级期末2027-02-01 — 10416 行
  考试 20/30: 2026级模拟2027-02-09 — 10426 行
  考试 21/30: 2026级月考2027-02-17 — 10439 行
  考试 22/30: 2026级单元测2027-02-25 — 10437 行
  考试 23/30: 2026级期中2027-03-05 — 10410 行
  考试 24/30: 2026级期末2027-03-13 — 10416 行
  考试 25/30: 2026级模拟2027-03-21 — 10421 行
  考试 26/30: 2026级月考2027-03-29 — 10425 行
  考试 27/30: 2026级单元测2027-04-06 — 10424 行
  考试 28/30: 2026级期中2027-04-14 — 10415 行
  考试 29/30: 2026级期末2027-04-22 — 10430 行
  考试 30/30: 2026级模拟2027-04-30 — 10436 行
划线 2160 行

完成：30 场考试 / 成绩 312766 行 / 划线 2160 行
浏览器：http://localhost:5000/grades/
