宿舍管理系统已启动 (开发模式 - 仅限本地)
请在浏览器访问: http://localhost:5000
 * Serving Flask app 'app'
 * Debug mode: on
宿舍管理系统已启动 (开发模式 - 仅限本地)
请在浏览器访问: http://localhost:5000
宿舍管理系统已启动 (开发模式 - 仅限本地)
请在浏览器访问: http://localhost:5000
<<<<<<< HEAD
宿舍管理系统已启动 (开发模式 - 仅限本地)
请在浏览器访问: http://localhost:5000
宿舍管理系统已启动 (开发模式 - 仅限本地)
请在浏览器访问: http://localhost:5000
宿舍管理系统已启动 (开发模式 - 仅限本地)
请在浏览器访问: http://localhost:5000
宿舍管理系统已启动 (开发模式 - 仅限本地)
请在浏览器访问: http://localhost:5000
宿舍管理系统已启动 (开发模式 - 仅限本地)
请在浏览器访问: http://localhost:5000
宿舍管理系统已启动 (开发模式 - 仅限本地)
请在浏览器访问: http://localhost:5000
宿舍管理系统已启动 (开发模式 - 仅限本地)
请在浏览器访问: http://localhost:5000
宿舍管理系统已启动 (开发模式 - 仅限本地)
请在浏览器访问: http://localhost:5000
=======
>>>>>>> dbf3b598b9b3a63e9741c0781bb2ad4ad0d2c354
