09-13 00:17:07 [INFO] === 批量划线请求 exam_id=1 用户=admin mode=ratio scope=all 含总分=True 层数=4
09-13 00:17:07 [INFO]   写入 历史·总分：[('优秀', 547.2), ('良好', 505.8), ('及格', 451.5), ('待提升', 0.0)]
09-13 00:17:07 [INFO]   写入 历史·语文：[('优秀', 116.4), ('良好', 102.0), ('及格', 90.9), ('待提升', 0.0)]
09-13 00:17:07 [INFO]   写入 历史·数学：[('优秀', 125.7), ('良好', 88.2), ('及格', 53.7), ('待提升', 0.0)]
09-13 00:17:07 [INFO]   写入 历史·外语：[('优秀', 115.6), ('良好', 97.7), ('及格', 78.2), ('待提升', 0.0)]
09-13 00:17:07 [INFO]   写入 历史·历史：[('优秀', 83.5), ('良好', 71.2), ('及格', 49.1), ('待提升', 0.0)]
09-13 00:17:07 [INFO]   写入 历史·政治：[('优秀', 80.3), ('良好', 65.3), ('及格', 42.7), ('待提升', 0.0)]
09-13 00:17:07 [INFO]   写入 历史·地理：[('优秀', 81.0), ('良好', 63.4), ('及格', 36.6), ('待提升', 0.0)]
09-13 00:17:07 [INFO]   写入 物理·总分：[('优秀', 549.0), ('良好', 500.8), ('及格', 454.7), ('待提升', 0.0)]
09-13 00:17:07 [INFO]   写入 物理·语文：[('优秀', 119.5), ('良好', 105.3), ('及格', 89.9), ('待提升', 0.0)]
09-13 00:17:07 [INFO]   写入 物理·数学：[('优秀', 109.0), ('良好', 86.9), ('及格', 52.3), ('待提升', 0.0)]
09-13 00:17:07 [INFO]   写入 物理·外语：[('优秀', 117.7), ('良好', 101.1), ('及格', 80.8), ('待提升', 0.0)]
09-13 00:17:07 [INFO]   写入 物理·物理：[('优秀', 86.9), ('良好', 66.9), ('及格', 54.4), ('待提升', 0.0)]
09-13 00:17:07 [INFO]   写入 物理·化学：[('优秀', 84.9), ('良好', 64.5), ('及格', 49.2), ('待提升', 0.0)]
09-13 00:17:07 [INFO]   写入 物理·生物：[('优秀', 84.4), ('良好', 68.1), ('及格', 41.7), ('待提升', 0.0)]
09-13 00:17:07 [INFO] 结果：成功 14 个组合，跳过 0 个 []
09-13 00:17:30 [INFO] === 批量划线请求 exam_id=1 用户=admin mode=ratio scope=per_subject 含总分=False 层数=1
09-13 00:17:30 [INFO]   跳过 历史·语文：未填任何下界值
09-13 00:17:30 [INFO]   跳过 历史·数学：未填任何下界值
09-13 00:17:30 [INFO]   跳过 历史·外语：未填任何下界值
09-13 00:17:30 [INFO]   跳过 历史·历史：未填任何下界值
09-13 00:17:30 [INFO]   跳过 历史·政治：未填任何下界值
09-13 00:17:30 [INFO]   跳过 历史·地理：未填任何下界值
09-13 00:17:30 [WARNING]   校验失败 物理·语文：第 1 层（优秀）下界值需在有效范围（比例 0-100，分数 ≥0）（提交值 [('优秀', 120)]）
09-13 00:17:30 [INFO] === 批量划线请求 exam_id=1 用户=admin mode=score scope=per_subject 含总分=False 层数=2
09-13 00:17:30 [INFO]   跳过 历史·语文：未填任何下界值
09-13 00:17:30 [INFO]   跳过 历史·数学：未填任何下界值
09-13 00:17:30 [INFO]   跳过 历史·外语：未填任何下界值
09-13 00:17:30 [INFO]   跳过 历史·历史：未填任何下界值
09-13 00:17:30 [INFO]   跳过 历史·政治：未填任何下界值
09-13 00:17:30 [INFO]   跳过 历史·地理：未填任何下界值
09-13 00:17:30 [WARNING]   校验失败 物理·语文：第 2 层（良好）下界需不高于上一层（80.0）（提交值 [('优秀', 80), ('良好', 90)]）
09-13 00:20:25 [INFO] === 批量划线请求 exam_id=1 用户=admin mode=score scope=per_subject 含总分=True 层数=4
09-13 00:20:25 [INFO]   写入 历史·总分：[('优秀', 547.2), ('良好', 505.8), ('及格', 451.5), ('待提升', 0.0)]
09-13 00:20:25 [INFO]   写入 历史·语文：[('优秀', 116.4), ('良好', 102.0), ('及格', 90.9), ('待提升', 0.0)]
09-13 00:20:25 [INFO]   写入 历史·数学：[('优秀', 125.7), ('良好', 88.2), ('及格', 53.7), ('待提升', 0.0)]
09-13 00:20:25 [INFO]   写入 历史·外语：[('优秀', 115.6), ('良好', 97.7), ('及格', 78.2), ('待提升', 0.0)]
09-13 00:20:25 [INFO]   写入 历史·历史：[('优秀', 83.5), ('良好', 71.2), ('及格', 49.1), ('待提升', 0.0)]
09-13 00:20:25 [INFO]   写入 历史·政治：[('优秀', 80.3), ('良好', 65.3), ('及格', 42.7), ('待提升', 0.0)]
09-13 00:20:25 [INFO]   写入 历史·地理：[('优秀', 81.0), ('良好', 63.4), ('及格', 36.6), ('待提升', 0.0)]
09-13 00:20:25 [INFO]   写入 物理·总分：[('优秀', 549.0), ('良好', 500.8), ('及格', 454.7), ('待提升', 0.0)]
09-13 00:20:25 [INFO]   写入 物理·语文：[('优秀', 119.5), ('良好', 105.3), ('及格', 89.9), ('待提升', 0.0)]
09-13 00:20:25 [INFO]   写入 物理·数学：[('优秀', 109.0), ('良好', 86.9), ('及格', 52.3), ('待提升', 0.0)]
09-13 00:20:25 [INFO]   写入 物理·外语：[('优秀', 117.7), ('良好', 101.1), ('及格', 80.8), ('待提升', 0.0)]
09-13 00:20:25 [INFO]   写入 物理·物理：[('优秀', 86.9), ('良好', 66.9), ('及格', 54.4), ('待提升', 0.0)]
09-13 00:20:25 [INFO]   写入 物理·化学：[('优秀', 84.9), ('良好', 64.5), ('及格', 49.2), ('待提升', 0.0)]
09-13 00:20:25 [INFO]   写入 物理·生物：[('优秀', 84.4), ('良好', 68.1), ('及格', 41.7), ('待提升', 0.0)]
09-13 00:20:25 [INFO] 结果：成功 14 个组合，跳过 0 个 []
09-13 00:22:03 [INFO] === 批量划线请求 exam_id=1 用户=admin mode=score scope=per_subject 含总分=True 层数=4
09-13 00:22:04 [INFO]   写入 历史·总分：[('优秀', 547.2), ('良好', 505.8), ('及格', 451.5), ('待提升', 0.0)]
09-13 00:22:04 [INFO]   写入 历史·语文：[('优秀', 116.4), ('良好', 102.0), ('及格', 90.9), ('待提升', 0.0)]
09-13 00:22:04 [INFO]   写入 历史·数学：[('优秀', 125.7), ('良好', 88.2), ('及格', 53.7), ('待提升', 0.0)]
09-13 00:22:04 [INFO]   写入 历史·外语：[('优秀', 115.6), ('良好', 97.7), ('及格', 78.2), ('待提升', 0.0)]
09-13 00:22:04 [INFO]   写入 历史·历史：[('优秀', 83.5), ('良好', 71.2), ('及格', 49.1), ('待提升', 0.0)]
09-13 00:22:04 [INFO]   写入 历史·政治：[('优秀', 80.3), ('良好', 65.3), ('及格', 42.7), ('待提升', 0.0)]
09-13 00:22:04 [INFO]   写入 历史·地理：[('优秀', 81.0), ('良好', 63.4), ('及格', 36.6), ('待提升', 0.0)]
09-13 00:22:04 [INFO]   写入 物理·总分：[('优秀', 549.0), ('良好', 500.8), ('及格', 454.7), ('待提升', 0.0)]
09-13 00:22:04 [INFO]   写入 物理·语文：[('优秀', 119.5), ('良好', 105.3), ('及格', 89.9), ('待提升', 0.0)]
09-13 00:22:04 [INFO]   写入 物理·数学：[('优秀', 109.0), ('良好', 86.9), ('及格', 52.3), ('待提升', 0.0)]
09-13 00:22:04 [INFO]   写入 物理·外语：[('优秀', 117.7), ('良好', 101.1), ('及格', 80.8), ('待提升', 0.0)]
09-13 00:22:04 [INFO]   写入 物理·物理：[('优秀', 86.9), ('良好', 66.9), ('及格', 54.4), ('待提升', 0.0)]
09-13 00:22:04 [INFO]   写入 物理·化学：[('优秀', 84.9), ('良好', 64.5), ('及格', 49.2), ('待提升', 0.0)]
09-13 00:22:04 [INFO]   写入 物理·生物：[('优秀', 84.4), ('良好', 68.1), ('及格', 41.7), ('待提升', 0.0)]
09-13 00:22:04 [INFO] 结果：成功 14 个组合，跳过 0 个 []
09-13 00:22:56 [INFO] === 批量划线请求 exam_id=1 用户=admin mode=score scope=per_subject 含总分=True 层数=4
09-13 00:22:56 [INFO]   写入 历史·总分：[('优秀', 547.2), ('良好', 505.8), ('及格', 451.5), ('待提升', 0.0)]
09-13 00:22:56 [INFO]   写入 历史·语文：[('优秀', 116.4), ('良好', 102.0), ('及格', 90.9), ('待提升', 0.0)]
09-13 00:22:56 [INFO]   写入 历史·数学：[('优秀', 125.7), ('良好', 88.2), ('及格', 53.7), ('待提升', 0.0)]
09-13 00:22:56 [INFO]   写入 历史·外语：[('优秀', 115.6), ('良好', 97.7), ('及格', 78.2), ('待提升', 0.0)]
09-13 00:22:56 [INFO]   写入 历史·历史：[('优秀', 83.5), ('良好', 71.2), ('及格', 49.1), ('待提升', 0.0)]
09-13 00:22:56 [INFO]   写入 历史·政治：[('优秀', 80.3), ('良好', 65.3), ('及格', 42.7), ('待提升', 0.0)]
09-13 00:22:56 [INFO]   写入 历史·地理：[('优秀', 81.0), ('良好', 63.4), ('及格', 36.6), ('待提升', 0.0)]
09-13 00:22:56 [INFO]   写入 物理·总分：[('优秀', 549.0), ('良好', 500.8), ('及格', 454.7), ('待提升', 0.0)]
09-13 00:22:56 [INFO]   写入 物理·语文：[('优秀', 119.5), ('良好', 105.3), ('及格', 89.9), ('待提升', 0.0)]
09-13 00:22:56 [INFO]   写入 物理·数学：[('优秀', 109.0), ('良好', 86.9), ('及格', 52.3), ('待提升', 0.0)]
09-13 00:22:56 [INFO]   写入 物理·外语：[('优秀', 117.7), ('良好', 101.1), ('及格', 80.8), ('待提升', 0.0)]
09-13 00:22:56 [INFO]   写入 物理·物理：[('优秀', 86.9), ('良好', 66.9), ('及格', 54.4), ('待提升', 0.0)]
09-13 00:22:56 [INFO]   写入 物理·化学：[('优秀', 84.9), ('良好', 64.5), ('及格', 49.2), ('待提升', 0.0)]
09-13 00:22:56 [INFO]   写入 物理·生物：[('优秀', 84.4), ('良好', 68.1), ('及格', 41.7), ('待提升', 0.0)]
09-13 00:22:56 [INFO] 结果：成功 14 个组合，跳过 0 个 []
09-13 00:22:58 [INFO] === 批量划线请求 exam_id=1 用户=admin mode=score scope=per_subject 含总分=True 层数=4
09-13 00:22:58 [INFO]   写入 历史·总分：[('优秀', 547.2), ('良好', 505.8), ('及格', 451.5), ('待提升', 0.0)]
09-13 00:22:58 [INFO]   写入 历史·语文：[('优秀', 116.4), ('良好', 102.0), ('及格', 90.9), ('待提升', 0.0)]
09-13 00:22:58 [INFO]   写入 历史·数学：[('优秀', 125.7), ('良好', 88.2), ('及格', 53.7), ('待提升', 0.0)]
09-13 00:22:58 [INFO]   写入 历史·外语：[('优秀', 115.6), ('良好', 97.7), ('及格', 78.2), ('待提升', 0.0)]
09-13 00:22:58 [INFO]   写入 历史·历史：[('优秀', 83.5), ('良好', 71.2), ('及格', 49.1), ('待提升', 0.0)]
09-13 00:22:58 [INFO]   写入 历史·政治：[('优秀', 80.3), ('良好', 65.3), ('及格', 42.7), ('待提升', 0.0)]
09-13 00:22:58 [INFO]   写入 历史·地理：[('优秀', 81.0), ('良好', 63.4), ('及格', 36.6), ('待提升', 0.0)]
09-13 00:22:58 [INFO]   写入 物理·总分：[('优秀', 549.0), ('良好', 500.8), ('及格', 454.7), ('待提升', 0.0)]
09-13 00:22:58 [INFO]   写入 物理·语文：[('优秀', 119.5), ('良好', 105.3), ('及格', 89.9), ('待提升', 0.0)]
09-13 00:22:58 [INFO]   写入 物理·数学：[('优秀', 109.0), ('良好', 86.9), ('及格', 52.3), ('待提升', 0.0)]
09-13 00:22:58 [INFO]   写入 物理·外语：[('优秀', 117.7), ('良好', 101.1), ('及格', 80.8), ('待提升', 0.0)]
09-13 00:22:58 [INFO]   写入 物理·物理：[('优秀', 86.9), ('良好', 66.9), ('及格', 54.4), ('待提升', 0.0)]
09-13 00:22:58 [INFO]   写入 物理·化学：[('优秀', 84.9), ('良好', 64.5), ('及格', 49.2), ('待提升', 0.0)]
09-13 00:22:58 [INFO]   写入 物理·生物：[('优秀', 84.4), ('良好', 68.1), ('及格', 41.7), ('待提升', 0.0)]
09-13 00:22:58 [INFO] 结果：成功 14 个组合，跳过 0 个 []
09-13 00:27:51 [INFO] === 批量划线请求 exam_id=1 用户=admin mode=ratio scope=all 含总分=True 层数=4
09-13 00:27:51 [INFO]   写入 历史·总分：[('优秀', 547.2), ('良好', 505.8), ('及格', 451.5), ('待提升', 0.0)]
09-13 00:27:51 [INFO]   写入 历史·语文：[('优秀', 116.4), ('良好', 102.0), ('及格', 90.9), ('待提升', 0.0)]
09-13 00:27:51 [INFO]   写入 历史·数学：[('优秀', 125.7), ('良好', 88.2), ('及格', 53.7), ('待提升', 0.0)]
09-13 00:27:51 [INFO]   写入 历史·外语：[('优秀', 115.6), ('良好', 97.7), ('及格', 78.2), ('待提升', 0.0)]
09-13 00:27:51 [INFO]   写入 历史·历史：[('优秀', 83.5), ('良好', 71.2), ('及格', 49.1), ('待提升', 0.0)]
09-13 00:27:51 [INFO]   写入 历史·政治：[('优秀', 80.3), ('良好', 65.3), ('及格', 42.7), ('待提升', 0.0)]
09-13 00:27:51 [INFO]   写入 历史·地理：[('优秀', 81.0), ('良好', 63.4), ('及格', 36.6), ('待提升', 0.0)]
09-13 00:27:51 [INFO]   写入 物理·总分：[('优秀', 549.0), ('良好', 500.8), ('及格', 454.7), ('待提升', 0.0)]
09-13 00:27:51 [INFO]   写入 物理·语文：[('优秀', 119.5), ('良好', 105.3), ('及格', 89.9), ('待提升', 0.0)]
09-13 00:27:51 [INFO]   写入 物理·数学：[('优秀', 109.0), ('良好', 86.9), ('及格', 52.3), ('待提升', 0.0)]
09-13 00:27:51 [INFO]   写入 物理·外语：[('优秀', 117.7), ('良好', 101.1), ('及格', 80.8), ('待提升', 0.0)]
09-13 00:27:51 [INFO]   写入 物理·物理：[('优秀', 86.9), ('良好', 66.9), ('及格', 54.4), ('待提升', 0.0)]
09-13 00:27:51 [INFO]   写入 物理·化学：[('优秀', 84.9), ('良好', 64.5), ('及格', 49.2), ('待提升', 0.0)]
09-13 00:27:51 [INFO]   写入 物理·生物：[('优秀', 84.4), ('良好', 68.1), ('及格', 41.7), ('待提升', 0.0)]
09-13 00:27:51 [INFO] 结果：成功 14 个组合，跳过 0 个 []
